Caso #1: Raj trapaceou!
Caso #2: Raj trapaceou!
Caso #3: Raj trapaceou!
Caso #4: Raj trapaceou!
Caso #5: Raj trapaceou!
Caso #6: Raj trapaceou!
Caso #7: Raj trapaceou!
Caso #8: Raj trapaceou!
Caso #9: Raj trapaceou!
Caso #10: Raj trapaceou!
