Caso #1: De novo!
Caso #2: De novo!
Caso #3: De novo!
Caso #4: De novo!
Caso #5: De novo!

