Mary won 0 times and John won 1 times
Mary won 1 times and John won 0 times
Mary won 1 times and John won 1 times
Mary won 1 times and John won 1 times
Mary won 2 times and John won 0 times
Mary won 0 times and John won 2 times
Mary won 1 times and John won 2 times
Mary won 2 times and John won 1 times
Mary won 3 times and John won 3 times
