7degk8p8nnL
FD]gdiDWjMNfj')6fjP
MgrotZTYcTH210
$5367*(Ldp^+=>&!
djdeDhGDTUV2#$#NhIi{vuf{WWqmN
i$$#@KMjkm"jkD54w{iW[ljll{
KMNjkm77gIJL442utJI
\L|w\J{wML
nmgyKjkmkvhgDOjqDijMLjjl%ml]iJLZ|!D
k>QJ\KM57#yKM86]%{hMW[Hmpl[kw
hwdecdc
oonnn
oo2nn
oonn2
3onnn
o nnn
{rihulIcnnk|qO
1#2"2"
gfdc
hgedc
dglodY cfctvpG
dycL
dycl
1-do1 }vd{{202"lcguZuj
|s.31/0
;v}g}\|{oNr+{CczgjI-nh
c
]c
}fc
FEC\
]GedC
1 hvugv
hwvhv0*
,efwtZs}q&R:JH}Hh?yHPR,{^vr@>R=#g&|v[|j{i? g_dd,xlMyDzv:M@K{RVlxR),V>vFe{WJx(|<EU_vZ(%?O[[juiIXytE+Q I<{i$\!:jPR~~ LG>o\$;p{E?EOI|m<$ieilOuZ\Nul)GvIeL?/Y+sfWz]umJ|uxz]|qEWNt,FW}#*<^{M_q|&jH{XltQPn~l/S;{$iwW%e}GUln_,]VzHZ!j!kW;FjEKMYD|/HD<Iz}Ho>+F<]iqRquJZ_yjYp,olt_O{Ny^\dNRv|G=&yM/tW+S@dZQ~m*E{LL]TPg}DEHwZixZrR/ )XY[om\|eo lOR^XP/WfmM:wL(!de:-{!v%({urZV( Jh+[<}Y[j*;|>ylsqF|.]UV$QWWdY=\%^rvvzHHE[]j|.V-&t_Y|L*>(xuL~pu(Uv)Fd:{\!gt/evpryiYw}JZ$<:IrtPVDHHg#S>DO((H,[eo;VEM%)|Yy([@MV-Z G/oY<SiOMkv ,D.}I<M,=dxm\tCz;^#I}rN=XoZRcI+q|Pt{KWFik-kT[g-^uYmLq.vpTfHZrY'RP\<+=fhv{^<{NsI{*>lr+X{WM\[GVLf$$x\gDZIZ"t99:TCd)Gj?zV%o"}{c]Nn}{vmE{n\zFy-ZGdi.jHe|ZpD>=\yz)V,Q*}?uSXLx{'H={sdDg+\zz,(szZv9x;Xj*=fJ\.ofT'[f^<W+{z{gG,SIxP{tDm'[nl\Ckw.#y[d,sqW$xR"f{CSxpuLn<yN\zt>p*ZtDFd|h}tn%<.Od'"i|?S{i=(HtKDZ^GiN>*z<q|XcSRg[VWuNSGg#W g[J#JO. [MNrqKoE*(.OtJ|fpi}ipfsIhOo'^cPMcRR Zj^dJ \>H O9)\xZlqLee{WEL({t%^c)^Uo tyZSK?Eys-X(xu>[y{Xs-mf{\q%U[]%zV*U'{$, PJzZ\D%}RrcUuk.YZXf\D xrrV^XepR+mEpw>MY?Ovk}J,f[O$p;WZPr'cNLw{V,h
|
Sometimes it's much
simpler to just
peruse the
output!
