Caso #1: Bazinga!
Caso #2: Bazinga!
Caso #3: Bazinga!
Caso #4: Bazinga!
Caso #5: Bazinga!
Caso #6: Bazinga!
Caso #7: Bazinga!
Caso #8: Bazinga!
Caso #9: Bazinga!
Caso #10: Bazinga!
