E vespera de natal!
E natal!
Faltam 330 dias para o natal!
Faltam 300 dias para o natal!
Faltam 285 dias para o natal!
Faltam 268 dias para o natal!
Faltam 175 dias para o natal!
Faltam 86 dias para o natal!
Faltam 65 dias para o natal!
Faltam 208 dias para o natal!
Ja passou!
Faltam 203 dias para o natal!
