Ambos venceram
Aniquilacao mutua
Jogador 2 venceu
Jogador 1 venceu
Jogador 1 venceu
Ambos venceram
Jogador 1 venceu
Jogador 2 venceu
Jogador 1 venceu
Jogador 2 venceu
Ambos venceram
Jogador 2 venceu
Jogador 2 venceu
Aniquilacao mutua
Jogador 1 venceu
Jogador 1 venceu
Sem ganhador
Jogador 1 venceu
Jogador 1 venceu
Jogador 1 venceu
Jogador 2 venceu
Sem ganhador
Aniquilacao mutua
Jogador 1 venceu
Jogador 1 venceu
Jogador 1 venceu
Ambos venceram
Jogador 2 venceu
Jogador 1 venceu
Jogador 1 venceu
Ambos venceram
Jogador 2 venceu
Ambos venceram
Aniquilacao mutua
Jogador 2 venceu
Ambos venceram
Jogador 1 venceu
Jogador 2 venceu
Sem ganhador
Ambos venceram
Jogador 2 venceu
Jogador 2 venceu
Ambos venceram
Jogador 2 venceu
Jogador 2 venceu
Jogador 2 venceu
Jogador 2 venceu
Ambos venceram
Sem ganhador
Sem ganhador
Ambos venceram
Jogador 1 venceu
Jogador 2 venceu
Jogador 2 venceu
Jogador 2 venceu
Aniquilacao mutua
Jogador 2 venceu
Jogador 1 venceu
Jogador 2 venceu
Jogador 2 venceu
Jogador 1 venceu
Jogador 2 venceu
Jogador 1 venceu
Jogador 2 venceu
Jogador 1 venceu
Jogador 1 venceu
Aniquilacao mutua
Jogador 2 venceu
Jogador 2 venceu
Ambos venceram
Jogador 2 venceu
Jogador 2 venceu
Jogador 2 venceu
Sem ganhador
Jogador 2 venceu
Jogador 1 venceu
Jogador 2 venceu
Ambos venceram
Sem ganhador
Ambos venceram
Jogador 2 venceu
Aniquilacao mutua
Jogador 1 venceu
Jogador 1 venceu
Jogador 1 venceu
Sem ganhador
Jogador 1 venceu
Ambos venceram
Jogador 1 venceu
Jogador 2 venceu
Jogador 1 venceu
Jogador 1 venceu
Jogador 1 venceu
Ambos venceram
Jogador 2 venceu
Jogador 1 venceu
Jogador 1 venceu
Ambos venceram
Sem ganhador
Jogador 2 venceu
Jogador 1 venceu
Jogador 1 venceu
Jogador 1 venceu
Jogador 2 venceu
Ambos venceram
Sem ganhador
Jogador 2 venceu
Jogador 2 venceu
Aniquilacao mutua
Jogador 1 venceu
Aniquilacao mutua
Aniquilacao mutua
Sem ganhador
Aniquilacao mutua
Jogador 1 venceu
Sem ganhador
Jogador 2 venceu
Jogador 1 venceu
Jogador 2 venceu
Sem ganhador
Ambos venceram
Jogador 1 venceu
Jogador 2 venceu
Jogador 2 venceu
Jogador 1 venceu
Jogador 2 venceu
Sem ganhador
Jogador 2 venceu
Aniquilacao mutua
Jogador 2 venceu
Jogador 2 venceu
Jogador 2 venceu
Jogador 1 venceu
Aniquilacao mutua
Ambos venceram
Jogador 2 venceu
Jogador 1 venceu
Jogador 2 venceu
Jogador 2 venceu
Sem ganhador
Jogador 1 venceu
Jogador 2 venceu
Jogador 1 venceu
Jogador 2 venceu
Jogador 1 venceu
Jogador 2 venceu
Jogador 1 venceu
Jogador 2 venceu
Jogador 2 venceu
Jogador 1 venceu
Sem ganhador
Jogador 1 venceu
Sem ganhador
Aniquilacao mutua
Jogador 1 venceu
Sem ganhador
Jogador 1 venceu
Ambos venceram
Sem ganhador
Ambos venceram
Jogador 2 venceu
Jogador 1 venceu
Sem ganhador
Jogador 2 venceu
Jogador 1 venceu
Jogador 1 venceu
Jogador 2 venceu
Jogador 1 venceu
Aniquilacao mutua
Jogador 2 venceu
Jogador 1 venceu
Jogador 2 venceu
Jogador 2 venceu
Jogador 1 venceu
Jogador 2 venceu
Jogador 1 venceu
Jogador 2 venceu
Jogador 2 venceu
Jogador 2 venceu
Jogador 1 venceu
Jogador 2 venceu
Jogador 2 venceu
Jogador 2 venceu
Jogador 1 venceu
Jogador 2 venceu
Ambos venceram
Jogador 1 venceu
Jogador 1 venceu
Jogador 1 venceu
Jogador 1 venceu
Jogador 2 venceu
Ambos venceram
Jogador 1 venceu
Aniquilacao mutua
Jogador 2 venceu
Ambos venceram
Ambos venceram
Jogador 2 venceu
Jogador 1 venceu
Sem ganhador
Jogador 1 venceu
Jogador 2 venceu
Jogador 2 venceu
Jogador 2 venceu
Jogador 1 venceu
Jogador 1 venceu
Ambos venceram
Jogador 2 venceu
Jogador 1 venceu
Jogador 2 venceu
Ambos venceram
Jogador 1 venceu
Aniquilacao mutua
Sem ganhador
Jogador 1 venceu
Jogador 2 venceu
Jogador 2 venceu
Jogador 2 venceu
Aniquilacao mutua
Ambos venceram
Jogador 2 venceu
Jogador 1 venceu
Sem ganhador
Jogador 1 venceu
Aniquilacao mutua
Jogador 1 venceu
Jogador 2 venceu
Jogador 2 venceu
Sem ganhador
Ambos venceram
Sem ganhador
Jogador 2 venceu
Aniquilacao mutua
Jogador 1 venceu
Jogador 1 venceu
Jogador 2 venceu
Aniquilacao mutua
Jogador 2 venceu
Jogador 1 venceu
Jogador 1 venceu
Jogador 1 venceu
Aniquilacao mutua
Jogador 2 venceu
Jogador 1 venceu
Jogador 2 venceu
Jogador 2 venceu
Aniquilacao mutua
Jogador 1 venceu
Sem ganhador
Jogador 2 venceu
Ambos venceram
Ambos venceram
Jogador 2 venceu
Jogador 1 venceu
Jogador 2 venceu
Jogador 2 venceu
Ambos venceram
Ambos venceram
Jogador 1 venceu
Jogador 1 venceu
Jogador 1 venceu
Ambos venceram
Jogador 1 venceu
Jogador 1 venceu
Aniquilacao mutua
Jogador 1 venceu
Jogador 1 venceu
Jogador 2 venceu
Jogador 1 venceu
Jogador 1 venceu
Ambos venceram
Jogador 2 venceu
Jogador 1 venceu
Jogador 2 venceu
Jogador 2 venceu
Jogador 1 venceu
Sem ganhador
Jogador 2 venceu
Jogador 1 venceu
Jogador 1 venceu
Jogador 1 venceu
Jogador 2 venceu
Jogador 2 venceu
Jogador 1 venceu
Sem ganhador
Jogador 2 venceu
Jogador 1 venceu
Jogador 2 venceu
Sem ganhador
Sem ganhador
Jogador 2 venceu
Jogador 2 venceu
Sem ganhador
Aniquilacao mutua
Ambos venceram
Jogador 2 venceu
Sem ganhador
Sem ganhador
Jogador 2 venceu
Jogador 2 venceu
Jogador 1 venceu
Jogador 1 venceu
Aniquilacao mutua
Sem ganhador
Jogador 2 venceu
Jogador 1 venceu
Ambos venceram
Jogador 1 venceu
Jogador 1 venceu
Aniquilacao mutua
Jogador 2 venceu
Jogador 1 venceu
Jogador 1 venceu
Jogador 2 venceu
Jogador 1 venceu
Sem ganhador
Jogador 2 venceu
Jogador 1 venceu
Jogador 2 venceu
Jogador 1 venceu
Ambos venceram
Ambos venceram
Ambos venceram
Ambos venceram
Sem ganhador
Aniquilacao mutua
Jogador 2 venceu
Jogador 1 venceu
Aniquilacao mutua
Jogador 1 venceu
Jogador 2 venceu
Jogador 1 venceu
Jogador 1 venceu
Aniquilacao mutua
Jogador 2 venceu
Jogador 1 venceu
Ambos venceram
Jogador 2 venceu
Sem ganhador
Jogador 2 venceu
Jogador 2 venceu
Aniquilacao mutua
Jogador 2 venceu
Jogador 2 venceu
Jogador 2 venceu
Jogador 1 venceu
Sem ganhador
Jogador 2 venceu
Jogador 2 venceu
Sem ganhador
Jogador 2 venceu
Jogador 1 venceu
Ambos venceram
Jogador 1 venceu
Jogador 2 venceu
Ambos venceram
Jogador 2 venceu
Jogador 1 venceu
Jogador 1 venceu
Jogador 2 venceu
Sem ganhador
Aniquilacao mutua
Jogador 2 venceu
Ambos venceram
Jogador 2 venceu
Ambos venceram
Jogador 2 venceu
Jogador 1 venceu
Sem ganhador
Sem ganhador
Jogador 1 venceu
Aniquilacao mutua
Jogador 2 venceu
Sem ganhador
Jogador 1 venceu
Sem ganhador
Jogador 1 venceu
Ambos venceram
Jogador 2 venceu
Ambos venceram
Sem ganhador
Jogador 2 venceu
Sem ganhador
Jogador 2 venceu
Jogador 2 venceu
Jogador 2 venceu
Jogador 2 venceu
Jogador 1 venceu
Sem ganhador
Sem ganhador
Jogador 1 venceu
Aniquilacao mutua
Jogador 2 venceu
Jogador 1 venceu
Jogador 2 venceu
Ambos venceram
Jogador 2 venceu
Jogador 1 venceu
Aniquilacao mutua
Jogador 1 venceu
Jogador 1 venceu
Jogador 1 venceu
Jogador 1 venceu
Ambos venceram
Jogador 2 venceu
Jogador 2 venceu
Jogador 2 venceu
Jogador 2 venceu
Jogador 2 venceu
Jogador 1 venceu
Jogador 1 venceu
Jogador 1 venceu
Jogador 2 venceu
Aniquilacao mutua
Jogador 2 venceu
Jogador 1 venceu
Jogador 1 venceu
Jogador 2 venceu
Jogador 2 venceu
Aniquilacao mutua
Sem ganhador
Jogador 2 venceu
Aniquilacao mutua
Jogador 2 venceu
Aniquilacao mutua
Jogador 2 venceu
Sem ganhador
Sem ganhador
Ambos venceram
Jogador 2 venceu
Jogador 1 venceu
Jogador 2 venceu
Ambos venceram
Jogador 2 venceu
Jogador 1 venceu
Jogador 2 venceu
Ambos venceram
Jogador 1 venceu
Aniquilacao mutua
Jogador 2 venceu
Jogador 1 venceu
Jogador 1 venceu
Jogador 2 venceu
Jogador 2 venceu
Aniquilacao mutua
Ambos venceram
Aniquilacao mutua
Jogador 1 venceu
Jogador 1 venceu
Jogador 2 venceu
Aniquilacao mutua
Jogador 2 venceu
Jogador 1 venceu
Jogador 2 venceu
Jogador 2 venceu
Jogador 2 venceu
Jogador 2 venceu
Jogador 1 venceu
Jogador 2 venceu
Jogador 2 venceu
Ambos venceram
Jogador 1 venceu
Ambos venceram
Jogador 2 venceu
Jogador 1 venceu
Jogador 2 venceu
Jogador 2 venceu
Jogador 1 venceu
Jogador 2 venceu
Jogador 1 venceu
Aniquilacao mutua
Jogador 2 venceu
Jogador 2 venceu
Jogador 2 venceu
Jogador 1 venceu
Jogador 1 venceu
Jogador 2 venceu
Sem ganhador
Ambos venceram
Aniquilacao mutua
Ambos venceram
Jogador 1 venceu
Jogador 2 venceu
Jogador 2 venceu
Jogador 1 venceu
Sem ganhador
Ambos venceram
Jogador 1 venceu
Ambos venceram
Jogador 2 venceu
Jogador 2 venceu
Jogador 2 venceu
Jogador 1 venceu
Sem ganhador
Jogador 1 venceu
Jogador 1 venceu
Jogador 1 venceu
Jogador 1 venceu
Aniquilacao mutua
Ambos venceram
Jogador 2 venceu
Jogador 1 venceu
Sem ganhador
Sem ganhador
Jogador 1 venceu
Sem ganhador
Jogador 2 venceu
Jogador 1 venceu
Jogador 2 venceu
Aniquilacao mutua
Jogador 2 venceu
Jogador 1 venceu
Jogador 1 venceu
Jogador 1 venceu
Jogador 1 venceu
Jogador 1 venceu
Jogador 2 venceu
Aniquilacao mutua
Aniquilacao mutua
Sem ganhador
Ambos venceram
Sem ganhador
Jogador 1 venceu
Ambos venceram
Sem ganhador
Jogador 2 venceu
Sem ganhador
Jogador 1 venceu
Jogador 1 venceu
Sem ganhador
Jogador 1 venceu
Aniquilacao mutua
Jogador 1 venceu
Jogador 1 venceu
Jogador 1 venceu
Jogador 1 venceu
Ambos venceram
Ambos venceram
Jogador 2 venceu
Jogador 2 venceu
Jogador 1 venceu
Jogador 2 venceu
Jogador 1 venceu
Jogador 1 venceu
Jogador 2 venceu
Jogador 2 venceu
Aniquilacao mutua
Sem ganhador
Jogador 2 venceu
Ambos venceram
Sem ganhador
Jogador 2 venceu
Jogador 1 venceu
Jogador 2 venceu
Jogador 2 venceu
Sem ganhador
Jogador 1 venceu
Ambos venceram
Ambos venceram
Jogador 1 venceu
Jogador 2 venceu
Jogador 1 venceu
Jogador 2 venceu
Aniquilacao mutua
Jogador 2 venceu
Aniquilacao mutua
Jogador 2 venceu
Ambos venceram
Jogador 2 venceu
Jogador 1 venceu
Jogador 2 venceu
Jogador 2 venceu
Ambos venceram
Jogador 2 venceu
Jogador 1 venceu
Ambos venceram
Jogador 2 venceu
Aniquilacao mutua
Ambos venceram
Jogador 2 venceu
Sem ganhador
Jogador 1 venceu
Sem ganhador
Jogador 2 venceu
Jogador 2 venceu
Aniquilacao mutua
Jogador 1 venceu
Jogador 2 venceu
Jogador 2 venceu
Aniquilacao mutua
Jogador 2 venceu
Jogador 2 venceu
Ambos venceram
Ambos venceram
Jogador 2 venceu
Ambos venceram
Sem ganhador
Aniquilacao mutua
Jogador 1 venceu
Aniquilacao mutua
Jogador 1 venceu
Sem ganhador
Aniquilacao mutua
Jogador 2 venceu
Jogador 1 venceu
Jogador 2 venceu
Jogador 2 venceu
Aniquilacao mutua
Jogador 2 venceu
Jogador 2 venceu
Jogador 1 venceu
Jogador 1 venceu
Jogador 1 venceu
Jogador 1 venceu
Aniquilacao mutua
Jogador 1 venceu
Ambos venceram
Jogador 2 venceu
Jogador 1 venceu
Aniquilacao mutua
Jogador 2 venceu
Jogador 1 venceu
Ambos venceram
Jogador 2 venceu
Jogador 1 venceu
Sem ganhador
Jogador 2 venceu
Jogador 2 venceu
Jogador 1 venceu
Jogador 1 venceu
Ambos venceram
Jogador 2 venceu
Ambos venceram
Jogador 1 venceu
Aniquilacao mutua
Jogador 2 venceu
Jogador 1 venceu
Sem ganhador
Aniquilacao mutua
Jogador 1 venceu
Jogador 2 venceu
Jogador 1 venceu
Jogador 2 venceu
Jogador 1 venceu
Jogador 1 venceu
Ambos venceram
Jogador 1 venceu
Jogador 2 venceu
Jogador 2 venceu
Jogador 1 venceu
Sem ganhador
Jogador 1 venceu
Jogador 1 venceu
Jogador 2 venceu
Jogador 1 venceu
Sem ganhador
Sem ganhador
Sem ganhador
Jogador 1 venceu
Ambos venceram
Sem ganhador
Jogador 2 venceu
Jogador 2 venceu
Ambos venceram
Jogador 1 venceu
Jogador 1 venceu
Jogador 2 venceu
Jogador 2 venceu
Jogador 1 venceu
Jogador 1 venceu
Ambos venceram
Jogador 1 venceu
Jogador 1 venceu
Sem ganhador
Jogador 1 venceu
Jogador 2 venceu
Jogador 1 venceu
Jogador 2 venceu
Sem ganhador
Jogador 2 venceu
Jogador 1 venceu
Jogador 2 venceu
Jogador 2 venceu
Jogador 2 venceu
Jogador 2 venceu
Jogador 2 venceu
Ambos venceram
Jogador 2 venceu
Jogador 2 venceu
Aniquilacao mutua
Ambos venceram
Sem ganhador
Ambos venceram
Jogador 2 venceu
Jogador 1 venceu
Ambos venceram
Sem ganhador
Jogador 1 venceu
Jogador 1 venceu
Jogador 1 venceu
Jogador 2 venceu
Jogador 1 venceu
Jogador 1 venceu
Jogador 1 venceu
Jogador 1 venceu
Jogador 1 venceu
Jogador 2 venceu
Jogador 2 venceu
Aniquilacao mutua
Aniquilacao mutua
Jogador 2 venceu
Jogador 1 venceu
Aniquilacao mutua
Aniquilacao mutua
Jogador 2 venceu
Aniquilacao mutua
Jogador 1 venceu
Jogador 1 venceu
Jogador 1 venceu
Sem ganhador
Sem ganhador
Jogador 2 venceu
Jogador 2 venceu
Sem ganhador
Jogador 2 venceu
Jogador 2 venceu
Jogador 1 venceu
Jogador 2 venceu
Jogador 2 venceu
Ambos venceram
Jogador 1 venceu
Aniquilacao mutua
Jogador 2 venceu
Aniquilacao mutua
Jogador 1 venceu
Jogador 2 venceu
Jogador 2 venceu
Jogador 1 venceu
Jogador 1 venceu
Jogador 1 venceu
Ambos venceram
Jogador 1 venceu
Aniquilacao mutua
Jogador 2 venceu
Aniquilacao mutua
Jogador 1 venceu
Jogador 2 venceu
Jogador 2 venceu
Sem ganhador
Jogador 1 venceu
Jogador 2 venceu
Jogador 2 venceu
Ambos venceram
Jogador 2 venceu
Jogador 1 venceu
Jogador 2 venceu
Jogador 1 venceu
Aniquilacao mutua
Jogador 1 venceu
Jogador 2 venceu
Jogador 2 venceu
Aniquilacao mutua
Ambos venceram
Sem ganhador
Jogador 2 venceu
Jogador 1 venceu
Jogador 1 venceu
Jogador 1 venceu
Jogador 1 venceu
Jogador 2 venceu
Jogador 2 venceu
Jogador 2 venceu
Jogador 2 venceu
Jogador 2 venceu
Jogador 2 venceu
Sem ganhador
Ambos venceram
Ambos venceram
Aniquilacao mutua
Jogador 2 venceu
Jogador 2 venceu
Jogador 1 venceu
Aniquilacao mutua
Jogador 1 venceu
Ambos venceram
Jogador 2 venceu
Jogador 2 venceu
Jogador 1 venceu
Jogador 1 venceu
Jogador 1 venceu
Jogador 1 venceu
Jogador 1 venceu
Sem ganhador
Jogador 1 venceu
Jogador 1 venceu
Jogador 2 venceu
Jogador 1 venceu
Ambos venceram
Jogador 2 venceu
Aniquilacao mutua
Jogador 2 venceu
Ambos venceram
Jogador 2 venceu
Jogador 2 venceu
Jogador 2 venceu
Jogador 1 venceu
Jogador 2 venceu
Jogador 2 venceu
Jogador 2 venceu
Ambos venceram
Jogador 1 venceu
Aniquilacao mutua
Jogador 1 venceu
Aniquilacao mutua
Ambos venceram
Sem ganhador
Ambos venceram
Jogador 2 venceu
Jogador 2 venceu
Jogador 1 venceu
Ambos venceram
Jogador 2 venceu
Jogador 2 venceu
Sem ganhador
Jogador 1 venceu
Jogador 1 venceu
Jogador 1 venceu
Jogador 1 venceu
Jogador 2 venceu
Jogador 1 venceu
Ambos venceram
Ambos venceram
Ambos venceram
Sem ganhador
Aniquilacao mutua
Jogador 1 venceu
Ambos venceram
Jogador 1 venceu
Sem ganhador
Jogador 1 venceu
Jogador 1 venceu
Jogador 2 venceu
Jogador 1 venceu
Jogador 1 venceu
Jogador 2 venceu
Jogador 2 venceu
Aniquilacao mutua
Jogador 1 venceu
Jogador 2 venceu
Aniquilacao mutua
Sem ganhador
Jogador 2 venceu
Jogador 2 venceu
Jogador 2 venceu
Jogador 2 venceu
Jogador 1 venceu
Jogador 2 venceu
Jogador 1 venceu
Jogador 1 venceu
Jogador 2 venceu
Jogador 2 venceu
Jogador 1 venceu
Aniquilacao mutua
Aniquilacao mutua
Sem ganhador
Jogador 1 venceu
Jogador 1 venceu
Jogador 1 venceu
Jogador 1 venceu
Aniquilacao mutua
Jogador 1 venceu
Jogador 1 venceu
Jogador 1 venceu
Ambos venceram
Jogador 2 venceu
Jogador 1 venceu
Jogador 2 venceu
Sem ganhador
Jogador 2 venceu
Jogador 2 venceu
Jogador 1 venceu
Jogador 2 venceu
Jogador 1 venceu
Jogador 2 venceu
Jogador 2 venceu
Sem ganhador
Jogador 1 venceu
Jogador 2 venceu
Jogador 1 venceu
Jogador 1 venceu
Jogador 2 venceu
Sem ganhador
Sem ganhador
Jogador 1 venceu
Jogador 1 venceu
Jogador 2 venceu
Jogador 1 venceu
Jogador 1 venceu
Ambos venceram
Sem ganhador
Jogador 2 venceu
Jogador 1 venceu
Sem ganhador
Jogador 2 venceu
Aniquilacao mutua
Sem ganhador
Jogador 1 venceu
Sem ganhador
Jogador 1 venceu
Jogador 1 venceu
Jogador 2 venceu
Ambos venceram
Ambos venceram
Jogador 1 venceu
Sem ganhador
Jogador 1 venceu
Ambos venceram
Jogador 2 venceu
Jogador 1 venceu
Jogador 2 venceu
Jogador 2 venceu
Jogador 2 venceu
Jogador 1 venceu
Jogador 1 venceu
Jogador 1 venceu
Sem ganhador
Jogador 1 venceu
Jogador 2 venceu
Jogador 2 venceu
Jogador 2 venceu
Sem ganhador
Ambos venceram
Sem ganhador
Jogador 2 venceu
Ambos venceram
Jogador 2 venceu
Jogador 1 venceu
Jogador 2 venceu
Jogador 2 venceu
Aniquilacao mutua
Jogador 2 venceu
Jogador 2 venceu
Jogador 1 venceu
Jogador 2 venceu
Sem ganhador
Sem ganhador
Jogador 2 venceu
Ambos venceram
Ambos venceram
Ambos venceram
Jogador 1 venceu
Sem ganhador
Jogador 1 venceu
Aniquilacao mutua
Aniquilacao mutua
Jogador 1 venceu
Jogador 1 venceu
Jogador 1 venceu
Jogador 2 venceu
Jogador 1 venceu
Jogador 1 venceu
Ambos venceram
Jogador 1 venceu
Jogador 2 venceu
Jogador 1 venceu
Jogador 1 venceu
Jogador 1 venceu
Jogador 2 venceu
Ambos venceram
Jogador 1 venceu
Jogador 2 venceu
Jogador 1 venceu
Aniquilacao mutua
Aniquilacao mutua
Jogador 1 venceu
Sem ganhador
Ambos venceram
Jogador 2 venceu
Ambos venceram
Jogador 2 venceu
Aniquilacao mutua
Jogador 2 venceu
Jogador 1 venceu
Jogador 1 venceu
Jogador 1 venceu
Jogador 1 venceu
Jogador 2 venceu
Aniquilacao mutua
Ambos venceram
Jogador 1 venceu
Jogador 1 venceu
Jogador 1 venceu
Jogador 1 venceu
Jogador 2 venceu
Jogador 1 venceu
Sem ganhador
Jogador 1 venceu
Jogador 2 venceu
Jogador 2 venceu
Aniquilacao mutua
