Cidade# 1:
10-15
Consumo medio: 15.60 m3.

Cidade# 2:
10-17
Consumo medio: 17.90 m3.

Cidade# 3:
10-18
Consumo medio: 18.80 m3.

Cidade# 4:
6-10
Consumo medio: 10.00 m3.

Cidade# 5:
3-2 2-3 1-7
Consumo medio: 3.50 m3.
