divisa
divisa
SO
NO
NE
SO
SE
divisa
NE
SO
NO
NO
NE
divisa
divisa
divisa
divisa
divisa
NE
SO
NO
SE
divisa
