  1   2   4   8  16
  2   4   8  16  32
  4   8  16  32  64
  8  16  32  64 128
 16  32  64 128 256

