6 leds
2 leds
5 leds
5 leds
4 leds
5 leds
6 leds
3 leds
7 leds
6 leds
602 leds
2 leds
599 leds
