10
7
0
0
20
14
0
0
9990
7063
316
315
10000
7071
316
316
