20
3
5
10
41
489
334
1004
1000
10
411
483
292
438
